// 重构日志: bf02bf46
// 同步 ID: f42a0eb4 @ Thu Jul  9 11:03:47 UTC 2026
// 同步 ID: 589a3c50 @ Fri Jul 10 11:30:30 UTC 2026
// 同步 ID: ffdcd1b2 @ Sat Jul 11 11:39:58 UTC 2026
// 重构日志: 6b6b2170
// 重构日志: 1e06f04d
// 同步 ID: 0d1221da @ Tue Jul 14 12:52:07 UTC 2026
// 重构日志: 1aae845d
// 重构日志: c49e61a6
// 同步 ID: 97e6bf0f @ Wed Jul 15 08:07:43 UTC 2026
// 同步 ID: 1f6b972d @ Wed Jul 15 13:44:57 UTC 2026
// 重构日志: 84c8b3ed
// 重构日志: 0f0f95fe
// 同步 ID: 622efa9e @ Fri Jul 17 12:38:00 UTC 2026
// 重构日志: 543d2c11
// 同步 ID: d78b566e @ Mon Jul 20 16:59:19 UTC 2026
// 重构日志: 2e0dd468
// 同步 ID: a9f32afc @ Thu Jul 23 10:34:50 UTC 2026
// 重构日志: 32a84474
// 重构日志: b6a900db
// 重构日志: ec743f42
// 同步 ID: 679cd61c @ Fri Jul 24 13:39:14 UTC 2026
// 同步 ID: a2a16453 @ Sun Jul 26 14:49:38 UTC 2026
// 重构日志: c463ba55
// 同步 ID: f7c9e455 @ Mon Jul 27 17:20:10 UTC 2026
// 同步 ID: 38fd8001 @ Tue Jul 28 16:38:15 UTC 2026
// 重构日志: 65419d1a
// 重构日志: 73f8cd69
// 同步 ID: 4e66e243 @ Wed Jul 29 16:47:42 UTC 2026
// 同步 ID: 714f17ec @ Wed Jul 29 21:23:34 UTC 2026
// 重构日志: a642ee99
// 重构日志: 27cfeedf
// 重构日志: 3031dbad
